ffmpeg version 403fdd4-vk-b57fbbe Copyright (c) 2000-2026 the FFmpeg developers
  built with gcc 12 (Debian 12.2.0-14+deb12u1)
  configuration: --prefix=/opt/ffmpeg-vk --enable-gpl --enable-version3 --enable-static --disable-shared --disable-doc --disable-debug --enable-pic --enable-openssl --enable-libx264 --enable-libopus --enable-libdrm --enable-libudev --enable-v4l2-request --enable-vulkan --enable-libshaderc --pkg-config-flags=--static --extra-cflags='-I/uapi -I/src/vk-headers' --extra-libs='-lstdc++ -lm -lpthread' --extra-version=vk-b57fbbe
  libavutil      60. 26.100 / 60. 26.100
  libavcodec     62. 28.100 / 62. 28.100
  libavformat    62. 12.100 / 62. 12.100
  libavdevice    62.  3.100 / 62.  3.100
  libavfilter    11. 14.100 / 11. 14.100
  libswscale      9.  5.100 /  9.  5.100
  libswresample   6.  3.100 /  6.  3.100
[Vulkan @ 0xaaaae72ec4d0] Supported layers:
[Vulkan @ 0xaaaae72ec4d0] 	VK_LAYER_MESA_device_select
[Vulkan @ 0xaaaae72ec4d0] 	VK_LAYER_MESA_overlay
[Vulkan @ 0xaaaae72ec4d0] GPU listing:
[Vulkan @ 0xaaaae72ec4d0]     0: Apple M1 (G13G B1) (integrated) (0x0)
[Vulkan @ 0xaaaae72ec4d0] Device 0 selected: Apple M1 (G13G B1) (integrated) (0x0)
[Vulkan @ 0xaaaae72ec4d0] Using device extension VK_KHR_push_descriptor
[Vulkan @ 0xaaaae72ec4d0] Using device extension VK_EXT_physical_device_drm
[Vulkan @ 0xaaaae72ec4d0] Using device extension VK_EXT_shader_object
[Vulkan @ 0xaaaae72ec4d0] Using device extension VK_KHR_shader_subgroup_rotate
[Vulkan @ 0xaaaae72ec4d0] Using device extension VK_EXT_host_image_copy
[Vulkan @ 0xaaaae72ec4d0] Using device extension VK_KHR_workgroup_memory_explicit_layout
[Vulkan @ 0xaaaae72ec4d0] Using device extension VK_KHR_shader_relaxed_extended_instruction
[Vulkan @ 0xaaaae72ec4d0] Using device extension VK_EXT_shader_replicated_composites
[Vulkan @ 0xaaaae72ec4d0] Using device extension VK_KHR_shader_expect_assume
[Vulkan @ 0xaaaae72ec4d0] Using device extension VK_KHR_external_memory_fd
[Vulkan @ 0xaaaae72ec4d0] Using device extension VK_EXT_external_memory_dma_buf
[Vulkan @ 0xaaaae72ec4d0] Using device extension VK_EXT_image_drm_format_modifier
[Vulkan @ 0xaaaae72ec4d0] Using device extension VK_KHR_external_semaphore_fd
[Vulkan @ 0xaaaae72ec4d0] Queue families:
[Vulkan @ 0xaaaae72ec4d0]     0: graphics compute transfer sparse (queues: 1)
[Vulkan @ 0xaaaae72ec4d0] Using device: Apple M1 (G13G B1)
[Vulkan @ 0xaaaae72ec4d0] Alignments:
[Vulkan @ 0xaaaae72ec4d0]     optimalBufferCopyRowPitchAlignment: 1
[Vulkan @ 0xaaaae72ec4d0]     minMemoryMapAlignment:              16384
[Vulkan @ 0xaaaae72ec4d0]     nonCoherentAtomSize:                64
[Vulkan @ 0xaaaae72ec4d0] Using queue family 0 (queues: 1) for graphics compute transfers
[h264 @ 0xaaaae733d4f0] Reinit context to 2304x1296, pix_fmt: yuv420p
[vist#0:0/h264 @ 0xaaaae7332e90] Selecting decoder 'h264' because of requested hwaccel method v4l2request
Input #0, h264, from '/research/cam2-10s.h264':
  Duration: N/A, bitrate: N/A
  Stream #0:0: Video: h264 (High), 1 reference frame, yuv420p(progressive, left), 2304x1296, 25 fps, 30 tbr, 1200k tbn
[out#0/rawvideo @ 0xaaaae730f290] No explicit maps, mapping streams automatically...
[vost#0:0/rawvideo @ 0xaaaae7333300] Created video stream from input stream 0:0
[Parsed_fps_0 @ 0xaaaae730eb50] 0 frames in, 0 frames out; 0 frames dropped, 0 frames duplicated.
Stream mapping:
  Stream #0:0 -> #0:0 (h264 (native) -> rawvideo (native))
[vost#0:0/rawvideo @ 0xaaaae7333300] Starting thread...
[vf#0:0 @ 0xaaaae7344980] Starting thread...
[vist#0:0/h264 @ 0xaaaae7332e90] [dec:h264 @ 0xaaaae7345520] Starting thread...
[in#0/h264 @ 0xaaaae737c460] Starting thread...
Press [q] to stop, [?] for help
[AVHWFramesContext @ 0xfffe9807e570] Using V4L2 media driver avd (7.1.6) for S264
[AVHWFramesContext @ 0xfffe9807e570] Using CAPTURE buffer format NV12 (2304x1296)
[h264 @ 0xaaaae7343d10] Reinit context to 2304x1296, pix_fmt: drm_prime
[graph -1 input from stream 0:0 @ 0xfffeb40076b0] w:2304 h:1296 pixfmt:drm_prime tb:1/1200000 fr:15/1 sar:0/1 csp:unknown range:unknown alpha:unspecified
[auto_scale_0 @ 0xfffeb40082a0] w:iw h:ih flags:'' interl:0
[Parsed_format_5 @ 0xfffeb4006d50] auto-inserting filter 'auto_scale_0' between the filter 'Parsed_format_4' and the filter 'Parsed_format_5'
[Parsed_fps_0 @ 0xfffeb4002700] fps=5/1
[Parsed_scale_vulkan_2 @ 0xfffeb4002b20] Cannot reuse context, creating a new one
[auto_scale_0 @ 0xfffeb40082a0] w:640 h:360 fmt:nv12 csp:unknown range:unknown sar:0/1 -> w:640 h:360 fmt:yuv420p csp:unknown range:unknown sar:0/1 flags:0x00000004
[auto_scale_0 @ 0xfffeb40082a0] [framesync @ 0xfffeb40086b0] Selected 1/5 time base
[auto_scale_0 @ 0xfffeb40082a0] [framesync @ 0xfffeb40086b0] Sync level 1
[graph -1 input from stream 0:0 @ 0xfffeb40076b0] video frame properties congruent with link at pts_time: 0
[Parsed_fps_0 @ 0xfffeb4002700] Set first pts to 0
[scale_vulkan @ 0xfffeb4002bf0] Shader scale linked, size: 5208 SPIR-V, 5208 binary
Output #0, rawvideo, to '/research/avdvk/B.yuv':
  Metadata:
    encoder         : Lavf62.12.100
  Stream #0:0: Video: rawvideo, 1 reference frame (I420 / 0x30323449), yuv420p(progressive), 640x360, q=2-31, 13824 kb/s, 5 fps, 5 tbn
    Metadata:
      encoder         : Lavc62.28.100 rawvideo
[out#0/rawvideo @ 0xaaaae730f290] Starting thread...
frame=   38 fps=0.0 q=-0.0 size=   12288KiB time=00:00:07.60 bitrate=13245.2kbits/s speed=15.2x elapsed=0:00:00.50    [in#0/h264 @ 0xaaaae737c460] EOF while reading input
[in#0/h264 @ 0xaaaae737c460] Terminating thread with return code 0 (success)
[vist#0:0/h264 @ 0xaaaae7332e90] [dec:h264 @ 0xaaaae7345520] Decoder thread received EOF packet
[vist#0:0/h264 @ 0xaaaae7332e90] [dec:h264 @ 0xaaaae7345520] Decoder returned EOF, finishing
[vist#0:0/h264 @ 0xaaaae7332e90] [dec:h264 @ 0xaaaae7345520] Terminating thread with return code 0 (success)
[auto_scale_0 @ 0xfffeb40082a0] [framesync @ 0xfffeb40086b0] Sync level 0
[vf#0:0 @ 0xaaaae7344980] Filtergraph returned EOF, finishing
[vf#0:0 @ 0xaaaae7344980] All consumers returned EOF
[Parsed_fps_0 @ 0xfffeb4002700] 150 frames in, 50 frames out; 100 frames dropped, 0 frames duplicated.
[vost#0:0/rawvideo @ 0xaaaae7333300] [enc:rawvideo @ 0xaaaae7344510] Encoder thread received EOF
[vost#0:0/rawvideo @ 0xaaaae7333300] Terminating thread with return code 0 (success)
[out#0/rawvideo @ 0xaaaae730f290] All streams finished
[out#0/rawvideo @ 0xaaaae730f290] Terminating thread with return code 0 (success)
[vf#0:0 @ 0xaaaae7344980] Terminating thread with return code 0 (success)
[AVIOContext @ 0xaaaae753b950] Statistics: 17280000 bytes written, 0 seeks, 66 writeouts
[out#0/rawvideo @ 0xaaaae730f290] Output file #0 (/research/avdvk/B.yuv):
[out#0/rawvideo @ 0xaaaae730f290]   Output stream #0:0 (video): 50 frames encoded; 50 packets muxed (17280000 bytes); 
[out#0/rawvideo @ 0xaaaae730f290]   Total: 50 packets (17280000 bytes) muxed
[out#0/rawvideo @ 0xaaaae730f290] video:16875KiB audio:0KiB subtitle:0KiB other streams:0KiB global headers:0KiB muxing overhead: 0.000000%
frame=   50 fps=0.0 q=-0.0 Lsize=   16875KiB time=00:00:10.00 bitrate=13824.0kbits/s speed=16.1x elapsed=0:00:00.62    
[in#0/h264 @ 0xaaaae737c460] Input file #0 (/research/cam2-10s.h264):
[in#0/h264 @ 0xaaaae737c460]   Input stream #0:0 (video): 150 packets read (1404544 bytes); 150 frames decoded; 0 decode errors; 
[in#0/h264 @ 0xaaaae737c460]   Total: 150 packets (1404544 bytes) demuxed
[AVIOContext @ 0xaaaae737c980] Statistics: 1404544 bytes read, 0 seeks

Exiting with exit code 0
